exports[`test renders Button component 1`] = `
<button
  className="card-button"
  onClick={[Function]}>
  btntext
</button>
`;

exports[`test renders Card component 1`] = `
<section
  className="card">
  <h2
    className="card-title">
    Tatooine
  </h2>
  <ul
    className="card-info">
    <li
      className="card-infoItem">
      <span
        className="card-infoTitle">
        Population
        :
      </span>
      <span
        className="card-infoData">
        2000000
      </span>
    </li>
    <li
      className="card-infoItem">
      <span
        className="card-infoTitle">
        Climate
        :
      </span>
      <span
        className="card-infoData">
        Arid
      </span>
    </li>
    <li
      className="card-infoItem">
      <span
        className="card-infoTitle">
        Terrain
        :
      </span>
      <span
        className="card-infoData">
        Desert
      </span>
    </li>
  </ul>
  <footer
    className="card-films">
    featured in 
    4
     films
  </footer>
</section>
`;

exports[`test renders Warning component 1`] = `
<div
  className="warning">
  <h2
    className="warning-title">
    WOW !!!
  </h2>
  <p
    className="warning-message">
    You have passed by all the planets, how did you achieved that? Well, if you want to restart for another round, click in the button !
  </p>
</div>
`;
